apiVersion: discovery.mesh.gloo.solo.io/v1
kind: Destination
metadata:
  annotations:
    kubectl.kubernetes.io/last-applied-configuration: |
      {"apiVersion":"v1","kind":"Service","metadata":{"annotations":{},"labels":{"app":"details","service":"details"},"name":"details","namespace":"bookinfo"},"spec":{"ports":[{"name":"http","port":9080}],"selector":{"app":"details"}}}
  creationTimestamp: "2021-08-31T21:00:36Z"
  generation: 5
  labels:
    cluster.discovery.mesh.gloo.solo.io: mgmt.cluster
    cluster.multicluster.solo.io: ""
    owner.discovery.mesh.gloo.solo.io: gloo-mesh-mgmt-cluster
  name: details-bookinfo-mgmt-cluster
  namespace: gloo-mesh
  resourceVersion: "2494594"
  selfLink: /apis/discovery.mesh.gloo.solo.io/v1/namespaces/gloo-mesh/destinations/details-bookinfo-mgmt-cluster
  uid: 22c54906-92e0-453e-a261-7f8e3a34a9b2
spec:
  kubeService:
    endpointSubsets:
    - endpoints:
      - ipAddress: 10.244.0.7
        labels:
          app: details
          version: v1
        subLocality:
          zone: us-east-1c
      ports:
      - name: http
        port: 9080
        protocol: TCP
    labels:
      app: details
      service: details
    ports:
    - name: http
      port: 9080
      protocol: TCP
      targetPortNumber: 9080
    ref:
      clusterName: mgmt.cluster
      name: details
      namespace: bookinfo
    region: us-east-1
    workloadSelectorLabels:
      app: details
  mesh:
    name: istiod-istio-system-mgmt-cluster
    namespace: gloo-mesh
status:
  localFqdn: details.bookinfo.svc.cluster.local
  observedGeneration: 5
